[    3075ms] Error: Hydration failed because the server rendered text didn't match the client. As a result this tree will be regenerated on the client. This can happen if a SSR-ed Client Component used:

- A server/client branch `if (typeof window !== 'undefined')`.
- Variable input such as `Date.now()` or `Math.random()` which changes each time it's called.
- Date formatting in a user's locale which doesn't match the server.
- External changing data without sending a snapshot of it along with the HTML.
- Invalid HTML tag nesting.

It can also happen if the client has a browser extension installed which messes with the HTML before React loaded.

https://react.dev/link/hydration-mismatch

  ...
    <SegmentViewNode type="page" pagePath="/Downloads...">
      <SegmentTrieNode>
      <ClientPageRoot Component={function Home} searchParams={{}} params={{}}>
        <Home params={Promise} searchParams={Promise}>
          <div className="min-h-scre...">
            <Navbar>
            <main>
              <RevenueDashboard>
                <div className={"jsx-3123..."}>
                  <JSXStyle>
                  <div className="jsx-31236e...">
                    <div className="jsx-31236e...">
                      <div>
                      <TimeFilter>
                      <div className="jsx-31236e...">
                        <div className="jsx-31236e...">
                          <div>
                          <RevenueHero revenue={318397.2773305786} delta={1.4869027543499362} ...>
                            <div className="mb-8">
                              <div>
                              <div className="mb-3">
                                <div className="text-4xl sm:text-5xl font-bold text-gray-900 dark:text-white">
+                                 $318,397
-                                 $299,951
                              ...
                          ...
                        ...
    ...

    at throwOnHydrationMismatch (http://localhost:3000/_next/static/chunks/a0b51_next_dist_compiled_react-dom_cad83af9._.js:2892:56)
    at prepareToHydrateHostInstance (http://localhost:3000/_next/static/chunks/a0b51_next_dist_compiled_react-dom_cad83af9._.js:2946:23)
    at completeWork (http://localhost:3000/_next/static/chunks/a0b51_next_dist_compiled_react-dom_cad83af9._.js:6330:60)
    at runWithFiberInDEV (http://localhost:3000/_next/static/chunks/a0b51_next_dist_compiled_react-dom_cad83af9._.js:886:74)
    at completeUnitOfWork (http://localhost:3000/_next/static/chunks/a0b51_next_dist_compiled_react-dom_cad83af9._.js:8363:23)
    at performUnitOfWork (http://localhost:3000/_next/static/chunks/a0b51_next_dist_compiled_react-dom_cad83af9._.js:8300:28)
    at workLoopConcurrentByScheduler (http://localhost:3000/_next/static/chunks/a0b51_next_dist_compiled_react-dom_cad83af9._.js:8294:58)
    at renderRootConcurrent (http://localhost:3000/_next/static/chunks/a0b51_next_dist_compiled_react-dom_cad83af9._.js:8276:71)
    at performWorkOnRoot (http://localhost:3000/_next/static/chunks/a0b51_next_dist_compiled_react-dom_cad83af9._.js:7908:176)
    at performWorkOnRootViaSchedulerTask (http://localhost:3000/_next/static/chunks/a0b51_next_dist_compiled_react-dom_cad83af9._.js:8882:9)
    at MessagePort.performWorkUntilDeadline (http://localhost:3000/_next/static/chunks/a0b51_next_dist_compiled_865d9f01._.js:2601:64)
[    3025ms] [ERROR] Failed to load resource: the server responded with a status of 404 (Not Found) @ http://localhost:3000/favicon.ico:0
